==> tr000.txt  HOMOGR
un, un1, un2
==> tr001.txt  HOMOGR
un, un1, un2
==> tr002.txt  HOMOGR
un, un1, un2
